^D(lldb) target create ".build/duo-validation/WindowShade.app/Contents/MacOS/WindowShade"
Current executable set to '/Users/aaron/Documents/WindowShade/.build/duo-validation/WindowShade.app/Contents/MacOS/WindowShade' (arm64).
(lldb) process handle SIGTRAP -s true -p true -n false
NAME         PASS     STOP     NOTIFY
===========  =======  =======  =======
SIGTRAP      true     true     false  
(lldb) run --glance-probe --fixture .build/glance-tests/GlanceFixture.app/Contents/MacOS/GlanceFixture --fold-timing
INFO glance: accessibility=true screenRecording=true
2026-10-05 18:44:23.886484+0800 WindowShade[57171:25912578] [plugin] AddInstanceForFactory: No factory registered for id <CFUUID 0x7842a18300> F8BB1C28-BAE8-11D6-9C31-00039315CD46
2026-10-05 18:44:24.120675+0800 WindowShade[57171:25912578] [WarnOnce] It's not legal to call -layoutSubtreeIfNeeded on a view which is already being laid out.  If you are implementing the view's -layout method, you can call -[super layout] instead.  Break on void _NSDetectedLayoutRecursion(void) to debug.  This will be logged only once.  This may break in the future.
2026-10-05 18:44:24.187592+0800 WindowShade[57171:25912578] [SceneClient] [com.apple.appkit.status-items:805C48E9-D2F1-4008-A8EA-3F212C0D2213-Variant[1]] No matching scene to invalidate for this identity.
2026-10-05 18:44:24.189271+0800 WindowShade[57171:25912578] [Common] [BSBlockSentinel:FBSWorkspaceScenesClient] failed!
2026-10-05 18:44:24.189432+0800 WindowShade[57171:25912578] [SceneClient] [com.apple.appkit.status-items:805C48E9-D2F1-4008-A8EA-3F212C0D2213-Variant[2]] No matching scene to invalidate for this identity.
2026-10-05 18:44:24.190040+0800 WindowShade[57171:25912578] [Common] [BSBlockSentinel:FBSWorkspaceScenesClient] failed!
2026-10-05 18:44:24.254894+0800 GlanceFixture[57180:25912799] [Connection] Unable to get synchronousRemoteObjectProxy, error: Error Domain=NSCocoaErrorDomain Code=4097 "connection to service named com.apple.linkd.autoShortcut" UserInfo={NSDebugDescription=connection to service named com.apple.linkd.autoShortcut}
2026-10-05 18:44:24.257695+0800 GlanceFixture[57180:25912799] [Application] Error registering app with intents framework: Error Domain=NSCocoaErrorDomain Code=4097 "connection to service named com.apple.linkd.autoShortcut" UserInfo={NSDebugDescription=connection to service named com.apple.linkd.autoShortcut}
2026-10-05 18:44:24.265241+0800 GlanceFixture[57180:25912794] [Connection] Unable to get synchronousRemoteObjectProxy, error: Error Domain=NSCocoaErrorDomain Code=4097 "connection to service named com.apple.linkd.autoShortcut" UserInfo={NSDebugDescription=connection to service named com.apple.linkd.autoShortcut}
2026-10-05 18:44:24.265321+0800 GlanceFixture[57180:25912794] [Connection] Unable to re-register with Process Instance Registry, error: Error Domain=NSCocoaErrorDomain Code=4097 "connection to service named com.apple.linkd.autoShortcut" UserInfo={NSDebugDescription=connection to service named com.apple.linkd.autoShortcut}
2026-10-05 18:44:24.294914+0800 GlanceFixture[57180:25912800] [Connection] Unable to get synchronousRemoteObjectProxy, error: Error Domain=NSCocoaErrorDomain Code=4097 "connection to service named com.apple.linkd.autoShortcut" UserInfo={NSDebugDescription=connection to service named com.apple.linkd.autoShortcut}
2026-10-05 18:44:24.295816+0800 GlanceFixture[57180:25912800] [Connection] Unable to re-register with Process Instance Registry, error: Error Domain=NSCocoaErrorDomain Code=4097 "connection to service named com.apple.linkd.autoShortcut" UserInfo={NSDebugDescription=connection to service named com.apple.linkd.autoShortcut}
2026-10-05 18:44:24.298128+0800 GlanceFixture[57180:25912800] [Connection] Will NOT re-try to establish the connection
2026-10-05 18:44:24.298488+0800 GlanceFixture[57180:25912806] [Connection] Unable to get synchronousRemoteObjectProxy, error: Error Domain=NSCocoaErrorDomain Code=4097 "connection to service named com.apple.linkd.autoShortcut" UserInfo={NSDebugDescription=connection to service named com.apple.linkd.autoShortcut}
2026-10-05 18:44:24.298633+0800 GlanceFixture[57180:25912806] [Connection] Unable to re-register with Process Instance Registry, error: Error Domain=NSCocoaErrorDomain Code=4097 "connection to service named com.apple.linkd.autoShortcut" UserInfo={NSDebugDescription=connection to service named com.apple.linkd.autoShortcut}
2026-10-05 18:44:25.559504+0800 GlanceFixture[57180:25912793] [Common] Unable to obtain a task name port right for pid 439: (os/kern) failure (0x5)
ROUND 0: first change 800ms, strip 966ms
ROUND 1: first change 282ms, strip 399ms
2026-10-05 18:44:28.053169+0800 WindowShade[57171:25912988] [Sound] -[NSSound play] self=0x7842dc80f0: Already playing.
Process 57171 launched: '/Users/aaron/Documents/WindowShade/.build/duo-validation/WindowShade.app/Contents/MacOS/WindowShade' (arm64)
Process 57171 stopped
* thread #2, queue = 'WindowShade.rescue', stop reason = EXC_BREAKPOINT (code=1, subcode=0x184e96a84)
       frame #0: 0x0000000184e96a84 libdispatch.dylib`_dispatch_assert_queue_fail + 120
libdispatch.dylib`_dispatch_assert_queue_fail:
->  0x184e96a84 <+120>: brk    #0x1

libdispatch.dylib`_dispatch_assert_queue_barrier_fail:
    0x184e96a88 <+0>:   pacibsp 
    0x184e96a8c <+4>:   sub    sp, sp, #0x40
    0x184e96a90 <+8>:   stp    x20, x19, [sp, #0x20]
Target 0: (WindowShade) stopped.
(lldb) 