CASE LEASE-H01 | 一块屏同一时刻只有一个主人
ok   授权拿到这块屏
ok   快照里是授权层
ok   授权占着时那一排不展开
CASE LEASE-H02 | 授权抢占有同步收尾
ok   释放授权
ok   那一排展开
ok   授权随后进来
ok   被抢占时那一排同步收起
ok   这块屏只剩新主人
CASE LEASE-H03 | 释放后原样回来，旧租约不复活
ok   让出后那一排拿一份新的展示权
ok   从挂起处露出，不重播进场
ok   旧租约没有复活
CASE LEASE-H04 | 锁屏障撤掉一切
ok   两块屏都没有主人
ok   锁屏时那一排收起
ok   锁屏后回到空闲层
CASE LEASE-H05 | 撤屏只取消那一块
ok   第二块屏展开一排
ok   这块屏的主人是那一排
ok   撤掉另一块屏不影响这一块
ok   这一块的租约还在
ok   撤掉自己这块屏就收起
ok   撤屏后没有主人
CASE LEASE-H06 | 被占时的提醒只留小点
ok   启动台占着
ok   被占着：提醒不露面
ok   空下来：提醒可以露面
CASE LEASE-H07 | 持续活动每屏最多三条、去重
ok   去重并截断到三条
ok   只登记这块屏
CASE LEASE-H08 | 关掉功能时锁屏态也算撤销
ok   锁着时拿不到展示权
ok   解锁后可以拿
ok   关掉功能后清空
CASE LEASE-H09 | 展开时的提醒只留点，放开后不补说
ok   关掉功能之后可以再展开
ok   展开着只留一个点
ok   放开后不把那一句再说一遍
CASE LEASE-H10 | 紧凑两耳就是当前这一件
ok   紧凑是一颗胶囊，不是旧的横条
ok   左耳是这一件，右耳是进度
ok   展开是同一件事放大
CASE LEASE-H11 | 分开、半路改方向、再合并
ok   从这一颗旁边分开
ok   半路改方向从当前位置接上
ok   再合成一颗
CASE LEASE-H12 | 减少动态效果只淡入淡出
ok   位置不动，只改透明度
ok   起点还没走到四成
ok   形状走到四成再进内容
CASE LEASE-H13 | 音量长在同一颗岛上，对方的提示在跑就让位
ok   侦测到同类提示就让位
ok   合成的音量鼓起这一颗
ok   音量鼓成稿上的 210×36 胶囊
ok   亮度也是这一颗
CASE LEASE-H14 | 退场字先淡，展开保留两耳锚点
ok   提醒退场先清内容
ok   展开一排仍留着紧凑两耳的个数
CASE LEASE-H15 | 亮度也是 210×36；曲名变更走旁边那颗岛
ok   亮度鼓成同一颗胶囊
ok   曲名变了旁边分开一颗
PASS NotchLeaseHostTests: 15 cases, 0 failures
