01:34:37.618 reconcile: timer started
01:34:37.619 status item visible=true
01:34:37.686 gesture: placed id=45752 leftHalf target=(-108,-1410 1280x1410) observed=(-108,-1410 1280x1410)
01:34:37.703 notch: menu bar room display=3 leading=0 trailing=0 (covered, retrying)
01:34:37.703 notch: menu bar room display=1 leading=34 trailing=34
01:34:38.894 pip: enter id=45752 corner=topLeft frame=(-108.0, -1410.0, 1280.0, 1410.0) home=(-108.0, -1410.0, 1280.0, 1410.0)
01:34:39.219 pin-preview: frame rate 30fps interactive=true
01:34:39.228 pip: exit id=45752 activate=false
01:34:39.316 notch: menu bar room display=3 leading=40 trailing=40
01:34:39.606 pin-preview: space follow id=45752 from=- to=322 reason=install
01:34:39.606 pin-preview: start id=45752 frame=(-108,1107 1280x1410)
01:34:39.661 pin-preview: silent completion failed id=45752 reason=目标窗口在启动过程中已变化
01:34:39.661 pin-preview: stop id=45752 reason=menu-item
01:34:39.678 state: normal -> capturing id=45752 reason=shade
01:34:39.694 >>> shade id=45752 app=GlanceFixture bundle=com.windowshade.glance-fixture mode=nativeScreenshot plan=user-mode policy=hiddenIfSingleWindowElseMinimized(allowAppHide: true) sourceDisplay=3 sourceSpace=322 sourceSpaceMode=window hasToolbar=false adobe=none:non-adobe standardTitleBarOnly=true toolbarlessStandard=true preciseChrome=false contentBelowTitleBar=false axBarH=32 hitBarH=32
01:34:39.706 display shape: display=1 Built-in Retina Display 1710x1107 source=bezel pxPerPt=1.684 notch bottom 10.71 shoulder 5.05 top 20.71 bottom 0.00 — bezelPath fits within 0.17 pt (computed 1; bezelPath 1 ms, the rest 4 ms)
01:34:39.896     fold-capture timing id=45752 queued=13ms park=41ms capture=144ms prepare=2ms
01:34:39.896     capture full=1280x1410 scale=1.0 fixedBarH=- visualBarH=- fallbackBarH=32 standardBarH=32.0 finalBarH=32.0 buttons=3 windowManagement=fullScreen cropPxH=32 boundary=standard-titlebar
01:34:39.912     native strip invalid → proxy fallback id=45752 app=GlanceFixture reason=sparse-alpha 0.00
01:34:39.915 focus: handoff strategy=same-app heir=45753 id=45752
01:34:39.915 journal: intent id=45752 app=GlanceFixture preparing
01:34:39.929     private SLS offscreen did not park id=45752 pid=28908 reason=fallback
01:34:39.929     private SLS alpha did not apply id=45752 pid=28908 current=1.00 reason=fallback
01:34:39.929     private SLS alpha 在本机无效（很可能是 SIP 限制），本会话不再尝试
01:34:39.929     fallback → minimized（pid=28908, allowAppHide=true, currentWindows=2, windows=2）
01:34:39.930 journal: record minimized id=45752 app=GlanceFixture parked=(-108,-1410)
01:34:39.931 space: overlay assigned id=45762 source=45752 sid=322
01:34:39.931 state: capturing -> folded id=45752 reason=install
01:34:39.931 space: scheduled return guard id=45752 sid=322
01:34:39.931 shade: hide not yet verified; deferring overlay reveal id=45752 hide=minimized
01:34:42.623 journal: sync id=45752 restore=(-100,-1402)
01:34:42.624 journal: sync id=45752 restore=(-100,-1402)
01:34:42.624 reconcile: clamped overlay id=45752 frame=(-100,2475 1280x34)
01:34:42.624 reconcile: ax pid=28908 elapsedMs=0 occupied=1 remaining=0 ageMs=0 discard=none returned=1
01:34:45.974 lifecycle: id=45752 folded -> restoring reason=unshade
01:34:45.976 state: folded -> restoring id=45752 reason=unshade
01:34:45.990 overlay: dismissed window=45762
01:34:45.997 geometry: restore immediate target=(-100,-1402 1280x1410) err=(size:AXError(rawValue: 0),pos:AXError(rawValue: 0)) actual=(-100,-1402 1280x1410)
01:34:45.998 front: unshade id=45752 immediate
01:34:46.007 state: restoring -> normal id=45752 reason=unshade
01:34:46.019 journal: clear id=45752
01:34:46.019 shade: silent fold completion id=45752 ok=false
01:34:46.079 front: unshade id=45752 after-80ms
01:34:46.080 geometry: unshade id=45752 after-80ms target=(-100,-1402 1280x1410) err=(size:AXError(rawValue: 0),pos:AXError(rawValue: 0)) actual=(-100,-1402 1280x1410)
01:34:46.107 slide-over: enter id=45752 side=left frame=(-90.0, -1392.0, 1024.0, 1374.0)
01:34:46.274 slide-over: exit id=45752 reason=silent
01:34:46.276 front: unshade id=45752 after-250ms
01:34:46.278 slide-over: glide id=45752 took=150ms frames=18 cancelled
01:34:48.320 rescueOffscreenWindows: rescued=0
