ok   r01 lab has no effect port
ok   r01 glance without a preview is not completed
ok   r01 glance invoked without a live first frame waits, not completed
ok   r01 glance with a live first frame is completed
ok   r01 usage without a protocol response is not completed
ok   r01 cover without an overlay is not completed
ok   r01 cover with missing screens is partial, not completed
ok   r01 cover observed on every requested screen is completed
ok   r01 pulling the effect port fails the positive check
ok   r01 Host no longer routes diagnostic simulated nods into accept/apply
ok   r01 Apply.glance requires Glance.isLive, not panelFrame alone
ok   r01 Apply.cover uses the per-screen privacy cover adapter
ok   r02 same-instant proposals have different ids
ok   r02 the old handle cannot accept the new proposal
ok   r02 thirty seconds later rejects
ok   r02 an expired proposal cannot be accepted again
ok   r02 a changed target voids the proposal
ok   r02 the old proposal cannot be accepted after the target changes
ok   r02 invalidate keeps the proposal void
ok   r03 a hidden panel is not completed
ok   r03 a panel off the frozen screen is not completed
ok   r03 a panel on the frozen screen is completed
ok   r03 a visible window is not completed without a frame readback
ok   r04 a placement without readback is not completed
ok   r04 a glance without a preview is not completed
ok   r04 a visible window is not completed without a frame readback
